
🔍 Checking if game servers are running...

✅ Servers are running!


Running 1 test using 1 worker

[1A[2K[1/1] [chromium] › e2e/worldmap.spec.js:4:9 › World Map Visualization › should show visited rooms in a grid and highlight current position
[1A[2K  1 passed (2.7s)
